// Jest Snapshot v1, https://goo.gl/fbAQLP

exports[`App should render without crashing 1`] = `
<Switch>
  <Route
    component={[Function]}
    exact={true}
    path="/"
  />
  <Route
    component={[Function]}
    exact={true}
    path="/notes"
  />
  <Route
    component={[Function]}
    exact={true}
    path="/notes/:id"
  />
  <Route
    component={[Function]}
    exact={true}
    path="/notes/:id/edit"
  />
</Switch>
`;
